Microchip MPLAB XC8 Compiler V3.00

Linker command line:

-W-3 \
  --edf=C:\Program Files\Microchip\xc8\v3.00\pic\dat\20241204225717_en.msgs \
  -cn -h+dist/default/production\MassageControler.X.production.sym \
  --cmf=dist/default/production\MassageControler.X.production.cmf -z \
  -Q16F627A -oC:\Users\user\AppData\Local\Temp\xcAsd4s.\driver_tmp_3.o \
  --defsym=__MPLAB_BUILD=1 --fixupoverflow=error \
  -Mdist/default/production/MassageControler.X.production.map \
  --md=C:\Users\user\AppData\Local\Temp\xcAsd4s.\driver_tmp_0.dat -E1 \
  -ver=XC8 Compiler -ACODE=00h-03FFh -ASTRCODE=00h-03FFh \
  -ASTRING=00h-0FFhx4 -ACONST=00h-0FFhx4 -AENTRY=00h-0FFhx4 \
  -ACOMMON=070h-07Fh -ABANK0=020h-06Fh -ABANK1=0A0h-0EFh \
  -ABANK2=0120h-014Fh -ARAM=020h-06Fh,0A0h-0EFh,0120h-014Fh \
  -AABS1=020h-07Fh,0A0h-0EFh,0120h-014Fh -ASFR0=00h-01Fh -ASFR1=080h-09Fh \
  -ASFR2=0100h-011Fh -ASFR3=0180h-01EFh -ACONFIG=02007h-02007h -DCONFIG=2 \
  -AIDLOC=02000h-02003h -DIDLOC=2 -AEEDATA=00h-07Fh/02100h \
  -peeprom_data=EEDATA -DEEDATA=2 -DCODE=2 -DSTRCODE=2 -DSTRING=2 -DCONST=2 \
  -DENTRY=2 -preset_vec=00h,intentry,sivt,init,end_init -ppowerup=CODE \
  -pcinit=CODE -pfunctab=ENTRY -k \
  C:\Users\user\AppData\Local\Temp\xcAsd4s.\driver_tmp_12.o \
  dist/default/production\MassageControler.X.production.o 

Object code version is 3.11

Machine type is 16F627A



                Name                               Link     Load   Length Selector   Space Scale
C:\Users\user\AppData\Local\Temp\xcAsd4s.\driver_tmp_12.o
                end_init                              0        0        1        0       0
                config                             2007     2007        1        0       4
dist/default/production\MassageControler.X.production.o
                cinit                               3F9      3F9        7      7F2       0
                config                             2007     2007        1        0       4
                text3                               213      213       57      426       0
                text2                               1BC      1BC       13      378       0
                text1                               1CF      1CF       44      39E       0
                maintext                            26A      26A      18F      4D4       0
                cstackBANK0                          20       20       14       20       1
                cstackCOMMON                         70       70        8       70       1
                clrtext                             1B4      1B4        8      368       0
                bssBANK0                             34       34        E       20       1
                strings                               1        1       36        2       0

TOTAL           Name                               Link     Load   Length     Space
        CLASS   CODE           
                end_init                              0        0        1         0
                cinit                               3F9      3F9        7         0
                text3                               213      213       57         0
                text2                               1BC      1BC       13         0
                text1                               1CF      1CF       44         0
                maintext                            26A      26A      18F         0
                clrtext                             1B4      1B4        8         0

        CLASS   STRCODE        

        CLASS   STRING         
                strings                               1        1       36         0

        CLASS   CONST          

        CLASS   ENTRY          

        CLASS   COMMON         
                cstackCOMMON                         70       70        8         1

        CLASS   BANK0          
                cstackBANK0                          20       20       14         1
                bssBANK0                             34       34        E         1

        CLASS   BANK1          

        CLASS   BANK2          

        CLASS   RAM            

        CLASS   ABS1           
                abs_s1                               7E       7E        2         1

        CLASS   SFR0           

        CLASS   SFR1           

        CLASS   SFR2           

        CLASS   SFR3           

        CLASS   CONFIG         
                config                             2007     2007        1         4

        CLASS   IDLOC          

        CLASS   EEDATA         

        CLASS   BANK3          

        CLASS   HEAP           

        CLASS   STACK          



SEGMENTS        Name                           Load    Length   Top    Selector   Space  Class     Delta

                reset_vec                      000000  000001  000001         0       0  CODE        2
                strings                        000001  000036  000037         2       0  STRING      2
                cstackBANK0                    000020  000022  000042        20       1  BANK0       1
                cstackCOMMON                   000070  000008  000078        70       1  COMMON      1
                clrtext                        0001B4  000008  0001BC       368       0  CODE        2
                text2                          0001BC  000013  0001CF       378       0  CODE        2
                text1                          0001CF  000044  000213       39E       0  CODE        2
                text3                          000213  000057  00026A       426       0  CODE        2
                maintext                       00026A  00018F  0003F9       4D4       0  CODE        2
                cinit                          0003F9  000007  000400       7F2       0  CODE        2


UNUSED ADDRESS RANGES

        Name                Unused          Largest block    Delta
        BANK0            0042-006F             2E           1
        BANK1            00A0-00EF             50           1
        BANK2            0120-014F             30           1
        CODE             0037-01B3            17D           2
        COMMON           0078-007D              6           1
        CONST            0037-01B3             C9           2
        EEDATA           2100-217F             80           2
        ENTRY            0037-01B3             C9           2
        IDLOC            2000-2003              4           2
        RAM              0042-006F             2E           1
                         00A0-00EF             50
                         0120-014F             30
        SFR0             0000-001F             20           1
        SFR1             0080-009F             20           1
        SFR2             0100-011F             20           1
        SFR3             0180-01EF             70           1
        STRCODE          0037-01B3            17D           2
        STRING           0037-01B3             C9           2

                                  Symbol Table

?___awmod                cstackCOMMON 0070
_CMCON                   (abs)        001F
_PORTA                   (abs)        0005
_PORTAbits               (abs)        0005
_PORTB                   (abs)        0006
_PORTBbits               (abs)        0006
_TRISA                   (abs)        0085
_TRISAbits               (abs)        0085
_TRISB                   (abs)        0086
__H__absolute__          __absolute__ 0000
__Habs1                  abs1         0000
__Hbank0                 bank0        0000
__Hbank1                 bank1        0000
__Hbank2                 bank2        0000
__Hbank3                 bank3        0000
__HbssBANK0              bssBANK0     0000
__Hcinit                 cinit        0400
__Hclrtext               clrtext      0000
__Hcode                  code         0000
__Hcommon                common       0000
__Hconfig                config       2008
__HcstackBANK0           cstackBANK0  0000
__HcstackCOMMON          cstackCOMMON 0000
__Heeprom_data           eeprom_data  0000
__Hend_init              end_init     0001
__Hfunctab               functab      0000
__Hheap                  heap         0000
__Hinit                  init         0000
__Hintentry              intentry     0000
__Hmaintext              maintext     0000
__Hpowerup               powerup      0000
__Hram                   ram          0000
__Hreset_vec             reset_vec    0000
__Hsfr0                  sfr0         0000
__Hsfr1                  sfr1         0000
__Hsfr2                  sfr2         0000
__Hsfr3                  sfr3         0000
__Hsivt                  sivt         0000
__Hspace_0               (abs)        0400
__Hspace_1               (abs)        0078
__Hspace_2               (abs)        0000
__Hspace_3               (abs)        0000
__Hspace_4               (abs)        400F
__Hstack                 stack        0000
__Hstrings               strings      0000
__Htext                  text         0000
__L__absolute__          __absolute__ 0000
__Labs1                  abs1         0000
__Lbank0                 bank0        0000
__Lbank1                 bank1        0000
__Lbank2                 bank2        0000
__Lbank3                 bank3        0000
__LbssBANK0              bssBANK0     0000
__Lcinit                 cinit        03F9
__Lclrtext               clrtext      0000
__Lcode                  code         0000
__Lcommon                common       0000
__Lconfig                config       0000
__LcstackBANK0           cstackBANK0  0000
__LcstackCOMMON          cstackCOMMON 0000
__Leeprom_data           eeprom_data  0000
__Lend_init              end_init     0000
__Lfunctab               functab      0000
__Lheap                  heap         0000
__Linit                  init         0000
__Lintentry              intentry     0000
__Lmaintext              maintext     0000
__Lpowerup               powerup      0000
__Lram                   ram          0000
__Lreset_vec             reset_vec    0000
__Lsfr0                  sfr0         0000
__Lsfr1                  sfr1         0000
__Lsfr2                  sfr2         0000
__Lsfr3                  sfr3         0000
__Lsivt                  sivt         0000
__Lspace_0               (abs)        0000
__Lspace_1               (abs)        0000
__Lspace_2               (abs)        0000
__Lspace_3               (abs)        0000
__Lspace_4               (abs)        0000
__Lstack                 stack        0000
__Lstrings               strings      0000
__Ltext                  text         0000
__S0                     (abs)        0400
__S1                     (abs)        0078
__S3                     (abs)        0000
___awmod                 text3        0213
___awmod@counter         cstackCOMMON 0074
___awmod@dividend        cstackCOMMON 0072
___awmod@divisor         cstackCOMMON 0070
___awmod@sign            cstackCOMMON 0075
___bmul                  text2        01BC
___bmul@multiplicand     cstackCOMMON 0070
___bmul@multiplier       cstackCOMMON 0072
___bmul@product          cstackCOMMON 0071
___heap_hi               (abs)        0000
___heap_lo               (abs)        0000
___int_sp                stack        0000
___int_stack_hi          stack        0000
___int_stack_lo          stack        0000
___latbits               (abs)        0000
___sp                    stack        0000
___stack_hi              stack        0000
___stack_lo              stack        0000
___stackhi               (abs)        0000
___stacklo               (abs)        0000
__end_of___awmod         text3        026A
__end_of___bmul          text2        01CF
__end_of__initialization cinit        03FE
__end_of__stringtab      strings      0007
__end_of_main            maintext     03F9
__end_of_motor_timings   strings      0037
__end_of_scan_matrix     text1        0213
__initialization         cinit        03F9
__pbssBANK0              bssBANK0     0034
__pcstackBANK0           cstackBANK0  0020
__pcstackCOMMON          cstackCOMMON 0070
__pmaintext              maintext     026A
__pstrings               strings      0001
__ptext1                 text1        01CF
__ptext2                 text2        01BC
__ptext3                 text3        0213
__stringbase             strings      0006
__stringtab              strings      0001
_current_mode            bssBANK0     0041
_last_sw_state           bssBANK0     0040
_main                    maintext     026A
_motor_timings           strings      0007
_scan_matrix             text1        01CF
btemp                    (abs)        007E
clear_ram0               clrtext      01B4
end_of_initialization    cinit        03FE
intlevel0                functab      0000
intlevel1                functab      0000
intlevel2                functab      0000
intlevel3                functab      0000
intlevel4                functab      0000
intlevel5                functab      0000
main@dur                 cstackBANK0  002C
main@i                   cstackBANK0  002F
main@i_127               cstackBANK0  0032
main@motor_state         cstackBANK0  0020
main@motor_step          cstackBANK0  0028
main@motor_timer         cstackBANK0  0024
main@sequence_step       cstackBANK0  0031
main@sw                  cstackBANK0  002E
main@time_counter        cstackBANK0  002D
reset_vec                reset_vec    0000
scan_matrix@sw           cstackCOMMON 0071
start                    init         0000
start_initialization     cinit        03F9
wtemp0                   (abs)        007E


MODULE INFORMATION

Module		Function		Class		Link	Load	Size
C:\Program Files\Microchip\xc8\v3.00\pic\sources\c99\common\awmod.c
		___awmod       		CODE           	0213	0000	87

C:\Program Files\Microchip\xc8\v3.00\pic\sources\c99\common\awmod.c estimated size: 87

shared
		__stringtab    		STRING         	0001	0000	6
		_motor_timings 		STRING         	0007	0000	48
		__initialization		CODE           	03F9	0000	5

shared estimated size: 59

main.c
		_main          		CODE           	026A	0000	399
		_scan_matrix   		CODE           	01CF	0000	68

main.c estimated size: 467

C:\Program Files\Microchip\xc8\v3.00\pic\sources\c99\common\Umul8.c
		___bmul        		CODE           	01BC	0000	19

C:\Program Files\Microchip\xc8\v3.00\pic\sources\c99\common\Umul8.c estimated size: 19

